// Vitest Snapshot v1, https://vitest.dev/guide/snapshot.html

exports[`fixtures > 10 for i% = 1 to 10
20   if i% > 5 then
30     print "biggers"
40     onward
50   endif
60   print i%
70 next
 1`] = `
{
  "chunk": {
    "code": "=== Disassembly of test.bas:<main>: ===
10  1   CONSTANT       1
10  3   GET_LOCAL      1
10  5   CONSTANT       10
10  7   LE
10  8   JUMP_IF_FALSE  8 -> 52
10  11  POP
10  12  JUMP           12 -> 26
10  15  GET_LOCAL      1
10  17  CONSTANT       1
10  19  ADD
10  20  SET_LOCAL      1
10  22  POP
10  23  LOOP           23 -> 3
20  26  GET_LOCAL      1
20  28  CONSTANT       5
20  30  GT
20  31  JUMP_IF_FALSE  31 -> 44
20  34  POP
30  35  CONSTANT       biggers
30  37  PRINT
40  38  LOOP           38 -> 15
50  41  JUMP           41 -> 45
50  44  POP
60  45  GET_LOCAL      1
60  47  PRINT
70  48  LOOP           48 -> 15
70  51  POP
70  52  UNDEF
70  53  RETURN",
    "constants": [
      1,
      10,
      1,
      5,
      "biggers",
    ],
    "lines": [
      10,
      10,
      10,
      10,
      10,
      10,
      10,
      10,
      10,
      10,
      10,
      10,
      10,
      10,
      10,
      10,
      10,
      10,
      10,
      10,
      10,
      10,
      10,
      10,
      10,
      20,
      20,
      20,
      20,
      20,
      20,
      20,
      20,
      20,
      30,
      30,
      30,
      40,
      40,
      40,
      50,
      50,
      50,
      50,
      60,
      60,
      60,
      70,
      70,
      70,
      70,
      70,
      70,
    ],
  },
  "filename": "test.bas",
  "name": null,
}
`;

exports[`fixtures > 10 let i% = 0
20
30 i% = i% + 1
40 print i%
 1`] = `
{
  "chunk": {
    "code": "=== Disassembly of test.bas:<main>: ===
10  1   CONSTANT       0
10  3   DEFINE_GLOBAL  i%
30  5   GET_GLOBAL     i%
30  7   CONSTANT       1
30  9   ADD
30  10  SET_GLOBAL     i%
40  12  GET_GLOBAL     i%
40  14  PRINT
40  15  UNDEF
40  16  RETURN",
    "constants": [
      "i%",
      0,
      "i%",
      1,
      "i%",
      "i%",
    ],
    "lines": [
      10,
      10,
      10,
      10,
      30,
      30,
      30,
      30,
      30,
      30,
      30,
      40,
      40,
      40,
      40,
      40,
    ],
  },
  "filename": "test.bas",
  "name": null,
}
`;

exports[`fixtures > 10 let i% = 0
20
30 while i% < 10
40   i% = i% + 1
50   if i% > 5 then onward endif
60   print "loop"
70 endwhile
 1`] = `
{
  "chunk": {
    "code": "=== Disassembly of test.bas:<main>: ===
10  1   CONSTANT       0
10  3   DEFINE_GLOBAL  i%
30  5   GET_GLOBAL     i%
30  7   CONSTANT       10
30  9   LT
30  10  JUMP_IF_FALSE  10 -> 43
30  13  POP
40  14  GET_GLOBAL     i%
40  16  CONSTANT       1
40  18  ADD
40  19  SET_GLOBAL     i%
50  21  GET_GLOBAL     i%
50  23  CONSTANT       5
50  25  GT
50  26  JUMP_IF_FALSE  26 -> 36
50  29  POP
50  30  LOOP           30 -> 5
50  33  JUMP           33 -> 37
50  36  POP
60  37  CONSTANT       loop
60  39  PRINT
70  40  LOOP           40 -> 5
70  43  UNDEF
70  44  RETURN",
    "constants": [
      "i%",
      0,
      "i%",
      10,
      "i%",
      1,
      "i%",
      "i%",
      5,
      "loop",
    ],
    "lines": [
      10,
      10,
      10,
      10,
      30,
      30,
      30,
      30,
      30,
      30,
      30,
      30,
      30,
      40,
      40,
      40,
      40,
      40,
      40,
      40,
      50,
      50,
      50,
      50,
      50,
      50,
      50,
      50,
      50,
      50,
      50,
      50,
      50,
      50,
      50,
      50,
      60,
      60,
      60,
      70,
      70,
      70,
      70,
      70,
    ],
  },
  "filename": "test.bas",
  "name": null,
}
`;

exports[`fixtures > 10 let i% = 0
20 repeat
30   i% = i% + 1
40   if i% > 5 then
50     onward
60   endif
70   print "loop"
80 until i% >= 10
 1`] = `
{
  "chunk": {
    "code": "=== Disassembly of test.bas:<main>: ===
10  1   CONSTANT       0
10  3   DEFINE_GLOBAL  i%
30  5   GET_GLOBAL     i%
30  7   CONSTANT       1
30  9   ADD
30  10  SET_GLOBAL     i%
40  12  GET_GLOBAL     i%
40  14  CONSTANT       5
40  16  GT
40  17  JUMP_IF_FALSE  17 -> 27
40  20  POP
50  21  JUMP           21 -> 31
60  24  JUMP           24 -> 28
60  27  POP
70  28  CONSTANT       loop
70  30  PRINT
80  31  GET_GLOBAL     i%
80  33  CONSTANT       10
80  35  GE
80  36  JUMP_IF_FALSE  36 -> 43
80  39  POP
80  40  LOOP           40 -> 5
80  43  POP
80  44  UNDEF
80  45  RETURN",
    "constants": [
      "i%",
      0,
      "i%",
      1,
      "i%",
      "i%",
      5,
      "loop",
      "i%",
      10,
    ],
    "lines": [
      10,
      10,
      10,
      10,
      30,
      30,
      30,
      30,
      30,
      30,
      30,
      40,
      40,
      40,
      40,
      40,
      40,
      40,
      40,
      40,
      50,
      50,
      50,
      60,
      60,
      60,
      60,
      70,
      70,
      70,
      80,
      80,
      80,
      80,
      80,
      80,
      80,
      80,
      80,
      80,
      80,
      80,
      80,
      80,
      80,
    ],
  },
  "filename": "test.bas",
  "name": null,
}
`;
